[    0.000000] Linux version 4.15.0-188-generic (buildd@lcy02-amd64-058) (gcc version 7.5.0 (Ubuntu 7.5.0-3ubuntu1~18.04)) #199-Ubuntu SMP Wed Jun 15 20:42:56 UTC 2022 (Ubuntu 4.15.0-188.199-generic 4.15.18)
[    0.000000] Command line: BOOT_IMAGE=/boot/vmlinuz-4.15.0-188-generic root=UUID=c3410204-d08d-4de1-869a-1ed4cec3f34a ro console=tty1 console=ttyS0
[    0.000000] KERNEL supported cpus:
[    0.000000]   Intel GenuineIntel
[    0.000000]   AMD AuthenticAMD
[    0.000000]   Centaur CentaurHauls
[    0.000000] x86/fpu: Supporting XSAVE feature 0x001: 'x87 floating point registers'
[    0.000000] x86/fpu: Supporting XSAVE feature 0x002: 'SSE registers'
[    0.000000] x86/fpu: Supporting XSAVE feature 0x004: 'AVX registers'
[    0.000000] x86/fpu: xstate_offset[2]:  576, xstate_sizes[2]:  256
[    0.000000] x86/fpu: Enabled xstate features 0x7, context size is 832 bytes, using 'standard' format.
[    0.000000] e820: BIOS-provided physical RAM map:
[    0.000000] BIOS-e820: [mem 0x0000000000000000-0x000000000009fbff] usable
[    0.000000] BIOS-e820: [mem 0x000000000009fc00-0x000000000009ffff] reserved
[    0.000000] BIOS-e820: [mem 0x00000000000f0000-0x00000000000fffff] reserved
[    0.000000] BIOS-e820: [mem 0x0000000000100000-0x000000007ffeffff] usable
[    0.000000] BIOS-e820: [mem 0x000000007fff0000-0x000000007fffffff] ACPI data
[    0.000000] BIOS-e820: [mem 0x00000000fec00000-0x00000000fec00fff] reserved
[    0.000000] BIOS-e820: [mem 0x00000000fee00000-0x00000000fee00fff] reserved
[    0.000000] BIOS-e820: [mem 0x00000000fffc0000-0x00000000ffffffff] reserved
[    0.000000] NX (Execute Disable) protection: active
[    0.000000] SMBIOS 2.5 present.
[    0.000000] DMI: innotek GmbH VirtualBox/VirtualBox, BIOS VirtualBox 12/01/2006
[    0.000000] Hypervisor detected: KVM
[    0.000000] e820: last_pfn = 0x7fff0 max_arch_pfn = 0x400000000
[    0.000000] MTRR: Disabled
[    0.000000] x86/PAT: MTRRs disabled, skipping PAT initialization too.
[    0.000000] CPU MTRRs all blank - virtualized system.
[    0.000000] x86/PAT: Configuration [0-7]: WB  WT  UC- UC  WB  WT  UC- UC  
[    0.000000] found SMP MP-table at [mem 0x0009fff0-0x0009ffff]
[    0.000000] Scanning 1 areas for low memory corruption
[    0.000000] RAMDISK: [mem 0x35819000-0x36c03fff]
[    0.000000] ACPI: Early table checksum verification disabled
[    0.000000] ACPI: RSDP 0x00000000000E0000 000024 (v02 VBOX  )
[    0.000000] ACPI: XSDT 0x000000007FFF0030 00003C (v01 VBOX   VBOXXSDT 00000001 ASL  00000061)
[    0.000000] ACPI: FACP 0x000000007FFF00F0 0000F4 (v04 VBOX   VBOXFACP 00000001 ASL  00000061)
[    0.000000] ACPI: DSDT 0x000000007FFF0470 0022EA (v02 VBOX   VBOXBIOS 00000002 INTL 20100528)
[    0.000000] ACPI: FACS 0x000000007FFF0200 000040
[    0.000000] ACPI: FACS 0x000000007FFF0200 000040
[    0.000000] ACPI: APIC 0x000000007FFF0240 00005C (v02 VBOX   VBOXAPIC 00000001 ASL  00000061)
[    0.000000] ACPI: SSDT 0x000000007FFF02A0 0001CC (v01 VBOX   VBOXCPUT 00000002 INTL 20100528)
[    0.000000] ACPI: Reserving FACP table memory at [mem 0x7fff00f0-0x7fff01e3]
[    0.000000] ACPI: Reserving DSDT table memory at [mem 0x7fff0470-0x7fff2759]
[    0.000000] ACPI: Reserving FACS table memory at [mem 0x7fff0200-0x7fff023f]
[    0.000000] ACPI: Reserving FACS table memory at [mem 0x7fff0200-0x7fff023f]
[    0.000000] ACPI: Reserving APIC table memory at [mem 0x7fff0240-0x7fff029b]
[    0.000000] ACPI: Reserving SSDT table memory at [mem 0x7fff02a0-0x7fff046b]
[    0.000000] No NUMA configuration found
[    0.000000] Faking a node at [mem 0x0000000000000000-0x000000007ffeffff]
[    0.000000] NODE_DATA(0) allocated [mem 0x7ffc5000-0x7ffeffff]
[    0.000000] kvm-clock: cpu 0, msr 0:7ff44001, primary cpu clock
[    0.000000] kvm-clock: Using msrs 4b564d01 and 4b564d00
[    0.000000] kvm-clock: using sched offset of 3676605377 cycles
[    0.000000] clocksource: kvm-clock: mask: 0xffffffffffffffff max_cycles: 0x1cd42e4dffb, max_idle_ns: 881590591483 ns
[    0.000000] Zone ranges:
[    0.000000]   DMA      [mem 0x0000000000001000-0x0000000000ffffff]
[    0.000000]   DMA32    [mem 0x0000000001000000-0x000000007ffeffff]
[    0.000000]   Normal   empty
[    0.000000]   Device   empty
[    0.000000] Movable zone start for each node
[    0.000000] Early memory node ranges
[    0.000000]   node   0: [mem 0x0000000000001000-0x000000000009efff]
[    0.000000]   node   0: [mem 0x0000000000100000-0x000000007ffeffff]
[    0.000000] Reserved but unavailable: 104 pages
[    0.000000] Initmem setup node 0 [mem 0x0000000000001000-0x000000007ffeffff]
[    0.000000] ACPI: PM-Timer IO Port: 0x4008
[    0.000000] IOAPIC[0]: apic_id 2, version 32, address 0xfec00000, GSI 0-23
[    0.000000] ACPI: INT_SRC_OVR (bus 0 bus_irq 0 global_irq 2 dfl dfl)
[    0.000000] ACPI: INT_SRC_OVR (bus 0 bus_irq 9 global_irq 9 low level)
[    0.000000] Using ACPI (MADT) for SMP configuration information
[    0.000000] smpboot: Allowing 2 CPUs, 0 hotplug CPUs
[    0.000000] PM: Registered nosave memory: [mem 0x00000000-0x00000fff]
[    0.000000] PM: Registered nosave memory: [mem 0x0009f000-0x0009ffff]
[    0.000000] PM: Registered nosave memory: [mem 0x000a0000-0x000effff]
[    0.000000] PM: Registered nosave memory: [mem 0x000f0000-0x000fffff]
[    0.000000] e820: [mem 0x80000000-0xfebfffff] available for PCI devices
[    0.000000] Booting paravirtualized kernel on KVM
[    0.000000] clocksource: refined-jiffies: mask: 0xffffffff max_cycles: 0xffffffff, max_idle_ns: 7645519600211568 ns
[    0.000000] random: get_random_bytes called from start_kernel+0x99/0x500 with crng_init=0
[    0.000000] setup_percpu: NR_CPUS:8192 nr_cpumask_bits:2 nr_cpu_ids:2 nr_node_ids:1
[    0.000000] percpu: Embedded 50 pages/cpu s167936 r8192 d28672 u1048576
[    0.000000] PV qspinlock hash table entries: 256 (order: 0, 4096 bytes)
[    0.000000] Built 1 zonelists, mobility grouping on.  Total pages: 515961
[    0.000000] Policy zone: DMA32
[    0.000000] Kernel command line: BOOT_IMAGE=/boot/vmlinuz-4.15.0-188-generic root=UUID=c3410204-d08d-4de1-869a-1ed4cec3f34a ro console=tty1 console=ttyS0
[    0.000000] Memory: 2013972K/2096696K available (12300K kernel code, 2484K rwdata, 4324K rodata, 2468K init, 2724K bss, 82724K reserved, 0K cma-reserved)
[    0.000000] SLUB: HWalign=64, Order=0-3, MinObjects=0, CPUs=2, Nodes=1
[    0.000000] ftrace: allocating 39513 entries in 155 pages
[    0.004000] Hierarchical RCU implementation.
[    0.004000] 	RCU restricting CPUs from NR_CPUS=8192 to nr_cpu_ids=2.
[    0.004000] 	Tasks RCU enabled.
[    0.004000] RCU: Adjusting geometry for rcu_fanout_leaf=16, nr_cpu_ids=2
[    0.004000] NR_IRQS: 524544, nr_irqs: 440, preallocated irqs: 16
[    0.004000] Console: colour VGA+ 80x25
[    0.004000] console [tty1] enabled
[    0.004000] console [ttyS0] enabled
[    0.004000] ACPI: Core revision 20170831
[    0.004000] ACPI: 2 ACPI AML tables successfully acquired and loaded
[    0.004000] APIC: Switch to symmetric I/O mode setup
[    0.004000] x2apic enabled
[    0.004018] Switched APIC routing to physical x2apic.
[    0.008000] ..TIMER: vector=0x30 apic1=0 pin1=2 apic2=-1 pin2=-1
[    0.008011] tsc: Detected 2495.998 MHz processor
[    0.009280] Calibrating delay loop (skipped) preset value.. 4991.99 BogoMIPS (lpj=9983992)
[    0.012014] pid_max: default: 32768 minimum: 301
[    0.013209] Security Framework initialized
[    0.014307] Yama: becoming mindful.
[    0.016051] AppArmor: AppArmor initialized
[    0.020330] Dentry cache hash table entries: 262144 (order: 9, 2097152 bytes)
[    0.028063] Inode-cache hash table entries: 131072 (order: 8, 1048576 bytes)
[    0.029836] Mount-cache hash table entries: 4096 (order: 3, 32768 bytes)
[    0.031415] Mountpoint-cache hash table entries: 4096 (order: 3, 32768 bytes)
[    0.032363] Last level iTLB entries: 4KB 64, 2MB 8, 4MB 8
[    0.033811] Last level dTLB entries: 4KB 64, 2MB 0, 4MB 0, 1GB 4
[    0.035265] Spectre V1 : Mitigation: usercopy/swapgs barriers and __user pointer sanitization
[    0.036031] unchecked MSR access error: WRMSR to 0x48 (tried to write 0x0000000000000001) at rIP: 0xffffffffa3e6e1b8 (native_write_msr+0x8/0x30)
[    0.040012] Call Trace:
[    0.040683]  wrmsrl+0x16/0x20
[    0.041433]  check_bugs+0x2e3/0xa61
[    0.042292]  ? delayacct_init+0x52/0x70
[    0.044009]  start_kernel+0x4b8/0x500
[    0.044877]  x86_64_start_reservations+0x24/0x26
[    0.045973]  x86_64_start_kernel+0x74/0x77
[    0.048020]  secondary_startup_64+0xa5/0xb0
[    0.049300] Spectre V2 : Mitigation: Enhanced IBRS
[    0.050396] Spectre V2 : Spectre v2 / SpectreRSB mitigation: Filling RSB on context switch
[    0.052009] Speculative Store Bypass: Vulnerable
[    0.053171] MMIO Stale Data: Mitigation: Clear CPU buffers
[    0.054274] SRBDS: Unknown: Dependent on hypervisor status
[    0.056224] Freeing SMP alternatives memory: 36K
[    0.169455] smpboot: CPU0: Intel(R) Core(TM) i5-10300H CPU @ 2.50GHz (family: 0x6, model: 0xa5, stepping: 0x2)
[    0.171360] Performance Events: unsupported p6 CPU model 165 no PMU driver, software events only.
[    0.172000] Hierarchical SRCU implementation.
[    0.172792] NMI watchdog: Perf event create on CPU 0 failed with -2
[    0.174080] NMI watchdog: Perf NMI watchdog permanently disabled
[    0.175158] smp: Bringing up secondary CPUs ...
[    0.176094] x86: Booting SMP configuration:
[    0.177220] .... node  #0, CPUs:      #1
[    0.004000] kvm-clock: cpu 1, msr 0:7ff44041, secondary cpu clock
[    0.180026] smp: Brought up 1 node, 2 CPUs
[    0.181117] smpboot: Max logical packages: 1
[    0.182070] smpboot: Total of 2 processors activated (9983.99 BogoMIPS)
[    0.184203] devtmpfs: initialized
[    0.184714] x86/mm: Memory block size: 128MB
[    0.185691] evm: security.selinux
[    0.186372] evm: security.SMACK64
[    0.188005] evm: security.SMACK64EXEC
[    0.188782] evm: security.SMACK64TRANSMUTE
[    0.189608] evm: security.SMACK64MMAP
[    0.190433] evm: security.apparmor
[    0.191100] evm: security.ima
[    0.192005] evm: security.capability
[    0.192770] clocksource: jiffies: mask: 0xffffffff max_cycles: 0xffffffff, max_idle_ns: 7645041785100000 ns
[    0.193837] futex hash table entries: 512 (order: 3, 32768 bytes)
[    0.196061] pinctrl core: initialized pinctrl subsystem
[    0.197230] RTC time: 12:40:17, date: 07/06/22
[    0.198276] NET: Registered protocol family 16
[    0.199216] audit: initializing netlink subsys (disabled)
[    0.200041] audit: type=2000 audit(1657111222.371:1): state=initialized audit_enabled=0 res=1
[    0.200201] cpuidle: using governor ladder
[    0.200808] cpuidle: using governor menu
[    0.204077] ACPI: bus type PCI registered
[    0.204837] acpiphp: ACPI Hot Plug PCI Controller Driver version: 0.5
[    0.206165] PCI: Using configuration type 1 for base access
[    0.208183] HugeTLB registered 2.00 MiB page size, pre-allocated 0 pages
[    0.212098] ACPI: Added _OSI(Module Device)
[    0.212980] ACPI: Added _OSI(Processor Device)
[    0.216012] ACPI: Added _OSI(3.0 _SCP Extensions)
[    0.216897] ACPI: Added _OSI(Processor Aggregator Device)
[    0.217922] ACPI: Added _OSI(Linux-Dell-Video)
[    0.218744] ACPI: Added _OSI(Linux-Lenovo-NV-HDMI-Audio)
[    0.220016] ACPI: Added _OSI(Linux-HPI-Hybrid-Graphics)
[    0.221643] ACPI: Executed 1 blocks of module-level executable AML code
[    0.226881] ACPI: Interpreter enabled
[    0.228039] ACPI: (supports S0 S5)
[    0.228916] ACPI: Using IOAPIC for interrupt routing
[    0.230045] PCI: Using host bridge windows from ACPI; if necessary, use "pci=nocrs" and report a bug
[    0.232225] ACPI: Enabled 2 GPEs in block 00 to 07
[    0.240302] ACPI: PCI Root Bridge [PCI0] (domain 0000 [bus 00-ff])
[    0.241551] acpi PNP0A03:00: _OSC: OS supports [ASPM ClockPM Segments MSI]
[    0.243936] acpi PNP0A03:00: _OSC: not requesting OS control; OS requires [ExtendedConfig ASPM ClockPM MSI]
[    0.244015] acpi PNP0A03:00: fail to add MMCONFIG information, can't access extended PCI configuration space under this bridge.
[    0.248404] PCI host bridge to bus 0000:00
[    0.249232] pci_bus 0000:00: root bus resource [io  0x0000-0x0cf7 window]
[    0.251144] pci_bus 0000:00: root bus resource [io  0x0d00-0xffff window]
[    0.252013] pci_bus 0000:00: root bus resource [mem 0x000a0000-0x000bffff window]
[    0.254518] pci_bus 0000:00: root bus resource [mem 0x80000000-0xfdffffff window]
[    0.256008] pci_bus 0000:00: root bus resource [bus 00-ff]
[    0.260944] pci 0000:00:01.1: legacy IDE quirk: reg 0x10: [io  0x01f0-0x01f7]
[    0.262362] pci 0000:00:01.1: legacy IDE quirk: reg 0x14: [io  0x03f6]
[    0.264024] pci 0000:00:01.1: legacy IDE quirk: reg 0x18: [io  0x0170-0x0177]
[    0.266400] pci 0000:00:01.1: legacy IDE quirk: reg 0x1c: [io  0x0376]
[    0.317497] pci 0000:00:07.0: quirk: [io  0x4000-0x403f] claimed by PIIX4 ACPI
[    0.319571] pci 0000:00:07.0: quirk: [io  0x4100-0x410f] claimed by PIIX4 SMB
[    0.360830] ACPI: PCI Interrupt Link [LNKA] (IRQs 5 9 10 *11)
[    0.362922] ACPI: PCI Interrupt Link [LNKB] (IRQs 5 9 *10 11)
[    0.364211] ACPI: PCI Interrupt Link [LNKC] (IRQs 5 *9 10 11)
[    0.365668] ACPI: PCI Interrupt Link [LNKD] (IRQs 5 9 10 *11)
[    0.367900] SCSI subsystem initialized
[    0.368119] pci 0000:00:02.0: vgaarb: setting as boot VGA device
[    0.370242] pci 0000:00:02.0: vgaarb: VGA device added: decodes=io+mem,owns=io+mem,locks=none
[    0.372037] pci 0000:00:02.0: vgaarb: bridge control possible
[    0.376011] vgaarb: loaded
[    0.377220] ACPI: bus type USB registered
[    0.378379] usbcore: registered new interface driver usbfs
[    0.380057] usbcore: registered new interface driver hub
[    0.381537] usbcore: registered new device driver usb
[    0.384084] EDAC MC: Ver: 3.0.0
[    0.385204] PCI: Using ACPI for IRQ routing
[    0.385381] NetLabel: Initializing
[    0.388007] NetLabel:  domain hash size = 128
[    0.388789] NetLabel:  protocols = UNLABELED CIPSOv4 CALIPSO
[    0.389988] NetLabel:  unlabeled traffic allowed by default
[    0.392106] clocksource: Switched to clocksource kvm-clock
[    0.428570] VFS: Disk quotas dquot_6.6.0
[    0.429536] VFS: Dquot-cache hash table entries: 512 (order 0, 4096 bytes)
[    0.430868] AppArmor: AppArmor Filesystem Enabled
[    0.432854] pnp: PnP ACPI init
[    0.436009] pnp: PnP ACPI: found 3 devices
[    0.450916] clocksource: acpi_pm: mask: 0xffffff max_cycles: 0xffffff, max_idle_ns: 2085701024 ns
[    0.453651] NET: Registered protocol family 2
[    0.454851] IP idents hash table entries: 32768 (order: 6, 262144 bytes)
[    0.457714] TCP established hash table entries: 16384 (order: 5, 131072 bytes)
[    0.459920] TCP bind hash table entries: 16384 (order: 6, 262144 bytes)
[    0.465292] TCP: Hash tables configured (established 16384 bind 16384)
[    0.468325] UDP hash table entries: 1024 (order: 3, 32768 bytes)
[    0.470106] UDP-Lite hash table entries: 1024 (order: 3, 32768 bytes)
[    0.472007] NET: Registered protocol family 1
[    0.474542] pci 0000:00:00.0: Limiting direct PCI/PCI transfers
[    0.476395] pci 0000:00:01.0: Activating ISA DMA hang workarounds
[    0.478000] pci 0000:00:02.0: Video device with shadowed ROM at [mem 0x000c0000-0x000dffff]
[    0.480220] Unpacking initramfs...
[    0.835464] Freeing initrd memory: 20396K
[    0.836248] clocksource: tsc: mask: 0xffffffffffffffff max_cycles: 0x23fa754787d, max_idle_ns: 440795210092 ns
[    0.837662] platform rtc_cmos: registered platform RTC device (no PNP device found)
[    0.839353] Scanning for low memory corruption every 60 seconds
[    0.841192] Initialise system trusted keyrings
[    0.841959] Key type blacklist registered
[    0.842701] workingset: timestamp_bits=36 max_order=19 bucket_order=0
[    0.844596] zbud: loaded
[    0.845538] squashfs: version 4.0 (2009/01/31) Phillip Lougher
[    0.846574] fuse init (API version 7.26)
[    0.848998] Key type asymmetric registered
[    0.849597] Asymmetric key parser 'x509' registered
[    0.850449] Block layer SCSI generic (bsg) driver version 0.4 loaded (major 246)
[    0.852471] io scheduler noop registered
[    0.853044] io scheduler deadline registered
[    0.853752] io scheduler cfq registered (default)
[    0.854719] ACPI: AC Adapter [AC] (on-line)
[    0.855367] input: Power Button as /devices/LNXSYSTM:00/LNXPWRBN:00/input/input0
[    0.856672] ACPI: Power Button [PWRF]
[    0.857276] input: Sleep Button as /devices/LNXSYSTM:00/LNXSLPBN:00/input/input1
[    0.858523] ACPI: Sleep Button [SLPF]
[    0.860325] ACPI: Battery Slot [BAT0] (battery present)
[    0.860343] Serial: 8250/16550 driver, 32 ports, IRQ sharing enabled
[    0.882816] 00:02: ttyS0 at I/O 0x3f8 (irq = 4, base_baud = 115200) is a 16550A
[    0.888791] Linux agpgart interface v0.103
[    0.890268] loop: module loaded
[    0.892941] scsi host0: ata_piix
[    0.893525] scsi host1: ata_piix
[    0.894077] ata1: PATA max UDMA/33 cmd 0x1f0 ctl 0x3f6 bmdma 0xd000 irq 14
[    0.895022] ata2: PATA max UDMA/33 cmd 0x170 ctl 0x376 bmdma 0xd008 irq 15
[    0.896062] tun: Universal TUN/TAP device driver, 1.6
[    0.896843] PPP generic driver version 2.4.2
[    0.897517] ehci_hcd: USB 2.0 'Enhanced' Host Controller (EHCI) Driver
[    0.899450] ehci-pci: EHCI PCI platform driver
[    0.900006] ehci-platform: EHCI generic platform driver
[    0.901072] ohci_hcd: USB 1.1 'Open' Host Controller (OHCI) Driver
[    0.901947] ohci-pci: OHCI PCI platform driver
[    0.902606] ohci-platform: OHCI generic platform driver
[    0.903350] uhci_hcd: USB Universal Host Controller Interface driver
[    0.904304] i8042: PNP: PS/2 Controller [PNP0303:PS2K,PNP0f03:PS2M] at 0x60,0x64 irq 1,12
[    0.906560] serio: i8042 KBD port at 0x60,0x64 irq 1
[    0.907357] serio: i8042 AUX port at 0x60,0x64 irq 12
[    0.908143] mousedev: PS/2 mouse device common for all mice
[    0.909199] input: AT Translated Set 2 keyboard as /devices/platform/i8042/serio0/input/input2
[    0.910765] rtc_cmos rtc_cmos: rtc core: registered rtc_cmos as rtc0
[    0.911749] rtc_cmos rtc_cmos: alarms up to one day, 114 bytes nvram
[    0.912649] i2c /dev entries driver
[    0.913232] device-mapper: uevent: version 1.0.3
[    0.913949] device-mapper: ioctl: 4.37.0-ioctl (2017-09-20) initialised: dm-devel@redhat.com
[    0.915188] ledtrig-cpu: registered to indicate activity on CPUs
[    0.916490] NET: Registered protocol family 10
[    0.919812] Segment Routing with IPv6
[    0.922053] NET: Registered protocol family 17
[    0.923406] Key type dns_resolver registered
[    0.924674] mce: Using 0 MCE banks
[    0.925489] RAS: Correctable Errors collector initialized.
[    0.926613] sched_clock: Marking stable (924523302, 0)->(1166069769, -241546467)
[    0.928554] registered taskstats version 1
[    0.929455] Loading compiled-in X.509 certificates
[    0.932998] Loaded X.509 cert 'Build time autogenerated kernel key: b66dc1acf13a39763c2531b24acc94c778f61d5e'
[    0.935829] Loaded X.509 cert 'Canonical Ltd. Live Patch Signing: 14df34d1a87cf37625abec039ef2bf521249b969'
[    0.938333] Loaded X.509 cert 'Canonical Ltd. Kernel Module Signing: 88f752e560a1e0737e31163a466ad7b70a850c19'
[    0.940039] blacklist: Loading compiled-in revocation X.509 certificates
[    0.942961] Loaded X.509 cert 'Canonical Ltd. Secure Boot Signing: 61482aa2830d0ab2ad5af10b7250da9033ddcef0'
[    0.946282] zswap: loaded using pool lzo/zbud
[    0.950877] Key type big_key registered
[    0.951544] Key type trusted registered
[    0.954377] Key type encrypted registered
[    0.955311] AppArmor: AppArmor sha1 policy hashing enabled
[    0.956373] ima: No TPM chip found, activating TPM-bypass! (rc=-19)
[    0.957562] ima: Allocated hash algorithm: sha1
[    0.958385] evm: HMAC attrs: 0x1
[    0.959578]   Magic number: 14:859:682
[    0.960342] rtc_cmos rtc_cmos: setting system clock to 2022-07-06 12:40:17 UTC (1657111217)
[    0.962059] BIOS EDD facility v0.16 2004-Jun-25, 0 devices found
[    0.962951] EDD information not available.
[    1.065959] Freeing unused kernel image memory: 2468K
[    1.077231] Write protecting the kernel read-only data: 20480k
[    1.079028] Freeing unused kernel image memory: 2008K
[    1.080670] Freeing unused kernel image memory: 1820K
[    1.091189] x86/mm: Checked W+X mappings: passed, no W+X pages found.
Loading, please wait...
starting version 237
[    1.193774] Fusion MPT base driver 3.04.20
[    1.194923] Copyright (c) 1999-2008 LSI Corporation
[    1.201732] e1000: Intel(R) PRO/1000 Network Driver - version 7.3.21-k8-NAPI
[    1.203465] e1000: Copyright (c) 1999-2006 Intel Corporation.
[    1.213873] Fusion MPT SPI Host driver 3.04.20
[    1.218020] AVX2 version of gcm_enc/dec engaged.
[    1.221545] AES CTR mode by8 optimization enabled
[    1.458322] input: ImExPS/2 Generic Explorer Mouse as /devices/platform/i8042/serio1/input/input4
[    1.880625] e1000 0000:00:03.0 eth0: (PCI:33MHz:32-bit) 02:3b:ab:4a:a3:42
[    1.882352] e1000 0000:00:03.0 eth0: Intel(R) PRO/1000 Network Connection
[    1.884805] mptbase: ioc0: Initiating bringup
[    2.004805] ioc0: LSI53C1030 A0: Capabilities={Initiator}
[    2.939552] scsi host2: ioc0: LSI53C1030 A0, FwRev=00000000h, Ports=1, MaxQ=256, IRQ=20
[    3.879612] scsi 2:0:0:0: Direct-Access     VBOX     HARDDISK         1.0  PQ: 0 ANSI: 5
[    4.063904] scsi target2:0:0: Beginning Domain Validation
[    4.120888] scsi target2:0:0: Domain Validation skipping write tests
[    4.121772] scsi target2:0:0: Ending Domain Validation
[    4.122649] scsi target2:0:0: asynchronous
[    4.132385] scsi 2:0:1:0: Direct-Access     VBOX     HARDDISK         1.0  PQ: 0 ANSI: 5
[    4.368442] scsi target2:0:1: Beginning Domain Validation
[    4.369822] random: fast init done
[    4.370807] scsi target2:0:1: Domain Validation skipping write tests
[    4.372129] scsi target2:0:1: Ending Domain Validation
[    4.373316] scsi target2:0:1: asynchronous
[    4.376681] random: systemd-udevd: uninitialized urandom read (16 bytes read)
[    4.376721] sd 2:0:0:0: Attached scsi generic sg0 type 0
[    4.378068] random: systemd-udevd: uninitialized urandom read (16 bytes read)
[    4.378993] sd 2:0:1:0: Attached scsi generic sg1 type 0
[    4.379971] sd 2:0:0:0: [sda] 83886080 512-byte logical blocks: (42.9 GB/40.0 GiB)
[    4.381772] sd 2:0:0:0: [sda] Write Protect is off
[    4.382469] sd 2:0:1:0: [sdb] 20480 512-byte logical blocks: (10.5 MB/10.0 MiB)
[    4.383512] sd 2:0:0:0: [sda] Incomplete mode parameter data
[    4.384338] sd 2:0:0:0: [sda] Assuming drive cache: write through
[    4.385240] sd 2:0:1:0: [sdb] Write Protect is off
[    4.386023] sd 2:0:1:0: [sdb] Incomplete mode parameter data
[    4.386754] sd 2:0:1:0: [sdb] Assuming drive cache: write through
[    4.387976] random: systemd-udevd: uninitialized urandom read (16 bytes read)
[    4.389006]  sda: sda1
[    4.389919] sd 2:0:0:0: [sda] Attached SCSI disk
[    4.391278] sd 2:0:1:0: [sdb] Attached SCSI disk
[    4.405262] e1000 0000:00:08.0 eth1: (PCI:33MHz:32-bit) 08:00:27:f5:bc:b4
[    4.406163] e1000 0000:00:08.0 eth1: Intel(R) PRO/1000 Network Connection
[    4.409204] e1000 0000:00:03.0 enp0s3: renamed from eth0
[    4.430585] e1000 0000:00:08.0 enp0s8: renamed from eth1
Begin: Loading essential drivers ... [    5.868527] raid6: sse2x1   gen() 11854 MB/s
[    5.916326] raid6: sse2x1   xor()  6933 MB/s
[    5.964054] raid6: sse2x2   gen() 12367 MB/s
[    6.012037] raid6: sse2x2   xor()  9146 MB/s
[    6.060071] raid6: sse2x4   gen() 12456 MB/s
[    6.108090] raid6: sse2x4   xor()  6063 MB/s
[    6.156719] raid6: avx2x1   gen() 19692 MB/s
[    6.204510] raid6: avx2x1   xor() 13231 MB/s
[    6.252290] raid6: avx2x2   gen() 22152 MB/s
[    6.300307] raid6: avx2x2   xor() 19389 MB/s
[    6.348077] raid6: avx2x4   gen() 20600 MB/s
[    6.396181] raid6: avx2x4   xor() 10141 MB/s
[    6.397001] raid6: using algorithm avx2x2 gen() 22152 MB/s
[    6.398523] raid6: .... xor() 19389 MB/s, rmw enabled
[    6.399380] raid6: using avx2x2 recovery algorithm
[    6.401682] xor: automatically using best checksumming function   avx       
[    6.404746] async_tx: api initialized (async)
done.
Begin: Running /scripts/init-premount ... done.
Begin: Mounting root file system ... Begin: Running /scripts/local-top ... done.
Begin: Running /scripts/local-premount ... [    6.457416] Btrfs loaded, crc32c=crc32c-intel
Scanning for Btrfs filesystems
done.
Begin: Will now check root file system ... fsck from util-linux 2.31.1
[/sbin/fsck.ext4 (1) -- /dev/sda1] fsck.ext4 -a -C0 /dev/sda1 
cloudimg-rootfs: clean, 189966/5120000 files, 1926222/10485499 blocks
done.
[    6.513392] EXT4-fs (sda1): mounted filesystem with ordered data mode. Opts: (null)
done.
Begin: Running /scripts/local-bottom ... done.
Begin: Running /scripts/init-bottom ... done.
[    6.703264] ip_tables: (C) 2000-2006 Netfilter Core Team
[    6.716804] systemd[1]: systemd 237 running in system mode. (+PAM +AUDIT +SELINUX +IMA +APPARMOR +SMACK +SYSVINIT +UTMP +LIBCRYPTSETUP +GCRYPT +GNUTLS +ACL +XZ +LZ4 +SECCOMP +BLKID +ELFUTILS +KMOD -IDN2 +IDN -PCRE2 default-hierarchy=hybrid)
[    6.724754] systemd[1]: Detected virtualization oracle.
[    6.726126] systemd[1]: Detected architecture x86-64.

Welcome to [1mUbuntu 18.04.6 LTS[0m!

[    6.739906] systemd[1]: Set hostname to <ubuntu-bionic>.
[    7.047574] systemd[1]: Reached target User and Group Name Lookups.
[[0;32m  OK  [0m] Reached target User and Group Name Lookups.
[    7.053089] systemd[1]: Created slice User and Session Slice.
[[0;32m  OK  [0m] Created slice User and Session Slice.
[    7.054888] systemd[1]: Started Forward Password Requests to Wall Directory Watch.
[[0;32m  OK  [0m] Started Forward Password Requests to Wall Directory Watch.
[    7.057587] systemd[1]: Set up automount Arbitrary Executable File Formats File System Automount Point.
[[0;32m  OK  [0m] Set up automount Arbitrary Executabâ€¦rmats File System Automount Point.
[    7.060764] systemd[1]: Created slice System Slice.
[[0;32m  OK  [0m] Created slice System Slice.
[    7.062670] systemd[1]: Listening on Journal Audit Socket.
[[0;32m  OK  [0m] Listening on Journal Audit Socket.
[[0;32m  OK  [0m] Listening on LVM2 poll daemon socket.
[[0;32m  OK  [0m] Listening on Journal Socket (/dev/log).
[[0;32m  OK  [0m] Listening on udev Kernel Socket.
[[0;32m  OK  [0m] Listening on LVM2 metadata daemon socket.
[[0;32m  OK  [0m] Listening on Network Service Netlink Socket.
[[0;32m  OK  [0m] Listening on /dev/initctl Compatibility Named Pipe.
[[0;32m  OK  [0m] Reached target Slices.
[[0;32m  OK  [0m] Created slice system-serial\x2dgetty.slice.
[[0;32m  OK  [0m] Listening on Device-mapper event daemon FIFOs.
[[0;32m  OK  [0m] Listening on Syslog Socket.
[[0;32m  OK  [0m] Listening on Journal Socket.
         Starting Load Kernel Modules...
         Starting Create list of required stâ€¦ce nodes for the current kernel...
         Starting Journal Service...
         Mounting Huge Pages File System...
         Mounting POSIX Message Queue File System...
[    7.118208] Loading iSCSI transport class v2.0-870.
         Starting Uncomplicated firewall...
         Starting Monitoring of LVM2 mirrorsâ€¦ng dmeventd or progress polling...
         Mounting Kernel Debug File System...
[[0;32m  OK  [0m] Listening on fsck to fsckd communication Socket.
[    7.132489] iscsi: registered transport (tcp)
         Starting Remount Root and Kernel File Systems...
[[0;32m  OK  [0m] Reached target System Time Synchronized.
[[0;32m  OK  [0m] Reached target Swap.
[[0;32m  OK  [0m] Listening on udev Control Socket.
         Starting udev Coldplug all Devices...
         Starting Set the console keyboard layout...
[[0;32m  OK  [0m] Started Create list of required staâ€¦vice nodes for the current kernel.
[[0;32m  OK  [0m] Mounted Huge Pages File System.
[[0;32m  OK  [0m] Mounted POSIX Message Queue File System.
[[0;32m  OK  [0m] Mounted Kernel Debug File System.
         Starting Create Static Device Nodes in /dev...
[[0;32m  OK  [0m] Started Uncomplicated firewall.
[[0;32m  OK  [0m] Started Journal Service.
[[0;32m  OK  [0m] Started LVM2 metadata daemon.
[    7.253057] iscsi: registered transport (iser)
[[0;32m  OK  [0m] Started Load Kernel Modules.
[[0;32m  OK  [0m] Started udev Coldplug all Devices.
         Mounting FUSE Control File System...
         Starting Apply Kernel Variables...
         Mounting Kernel Configuration File System...
[[0;32m  OK  [0m] Mounted FUSE Control File System.
[[0;32m  OK  [0m] Mounted Kernel Configuration File System.
[    7.300129] EXT4-fs (sda1): re-mounted. Opts: (null)
[[0;32m  OK  [0m] Started Create Static Device Nodes in /dev.
[[0;32m  OK  [0m] Started Remount Root and Kernel File Systems.
         Starting Load/Save Random Seed...
         Starting Flush Journal to Persistent Storage...
         Starting udev Kernel Device Manager...
[[0;32m  OK  [0m] Started Monitoring of LVM2 mirrors,â€¦sing dmeventd or progress polling.
[[0;32m  OK  [0m] Started Load/Save Random Seed.
[[0;32m  OK  [0m] Started Apply Kernel Variables.
[[0;32m  OK  [0m] Started udev Kernel Device Manager.
[[0;32m  OK  [0m] Started Set the console keyboard layout.
[[0;32m  OK  [0m] Started Dispatch Password Requests to Console Directory Watch.
[[0;32m  OK  [0m] Reached target Local Encrypted Volumes.
[[0;32m  OK  [0m] Reached target Local File Systems (Pre).
[[0;32m  OK  [0m] Reached target Local File Systems.
         Starting Set console font and keymap...
         Starting ebtables ruleset management...
         Starting Tell Plymouth To Write Out Runtime Data...
         Starting AppArmor initialization...
[[0;32m  OK  [0m] Started Set console font and keymap.
[[0;32m  OK  [0m] Started Tell Plymouth To Write Out Runtime Data.
[[0;32m  OK  [0m] Found device /dev/ttyS0.
[[0;32m  OK  [0m] Started Flush Journal to Persistent Storage.
[[0;32m  OK  [0m] Started ebtables ruleset management.
         Starting Create Volatile Files and Directories...
[[0;32m  OK  [0m] Started Create Volatile Files and Directories.
         Starting Update UTMP about System Boot/Shutdown...
[[0;32m  OK  [0m] Listening on Load/Save RF Kill Switch Status /dev/rfkill Watch.
[[0;32m  OK  [0m] Started Update UTMP about System Boot/Shutdown.
[[0;32m  OK  [0m] Started AppArmor initialization.
         Starting Initial cloud-init job (pre-networking)...
         Starting Load AppArmor profiles managed internally by snapd...
[[0;32m  OK  [0m] Started Load AppArmor profiles managed internally by snapd.
[    9.314123] cloud-init[565]: Cloud-init v. 22.2-0ubuntu1~18.04.3 running 'init-local' at Wed, 06 Jul 2022 12:40:25 +0000. Up 9.16 seconds.
[[0;32m  OK  [0m] Started Initial cloud-init job (pre-networking).
[[0;32m  OK  [0m] Reached target Network (Pre).
         Starting Network Service...
[[0;32m  OK  [0m] Started Network Service.
         Starting Network Name Resolution...
         Starting Wait for Network to be Configured...
[[0;32m  OK  [0m] Started Network Name Resolution.
[[0;32m  OK  [0m] Reached target Host and Network Name Lookups.
[[0;32m  OK  [0m] Reached target Network.
[[0;32m  OK  [0m] Started Wait for Network to be Configured.
         Starting Initial cloud-init job (metadata service crawler)...
[   11.947429] cloud-init[676]: Cloud-init v. 22.2-0ubuntu1~18.04.3 running 'init' at Wed, 06 Jul 2022 12:40:28 +0000. Up 11.78 seconds.
[   11.949298] cloud-init[676]: ci-info: ++++++++++++++++++++++++++++++++++++++Net device info+++++++++++++++++++++++++++++++++++++++
[   11.951230] cloud-init[676]: ci-info: +--------+------+-----------------------------+---------------+--------+-------------------+
[   11.968836] cloud-init[676]: ci-info: | Device |  Up  |           Address           |      Mask     | Scope  |     Hw-Address    |
[   11.970586] cloud-init[676]: ci-info: +--------+------+-----------------------------+---------------+--------+-------------------+
[   11.984717] cloud-init[676]: ci-info: | enp0s3 | True |          10.0.2.15          | 255.255.255.0 | global | 02:3b:ab:4a:a3:42 |
[   11.986327] cloud-init[676]: ci-info: | enp0s3 | True |  fe80::3b:abff:fe4a:a342/64 |       .       |  link  | 02:3b:ab:4a:a3:42 |
[   11.987996] cloud-init[676]: ci-info: | enp0s8 | True |         192.168.1.25        | 255.255.255.0 | global | 08:00:27:f5:bc:b4 |
[   11.989845] cloud-init[676]: ci-info: | enp0s8 | True | fe80::a00:27ff:fef5:bcb4/64 |       .       |  link  | 08:00:27:f5:bc:b4 |
[   11.991589] cloud-init[676]: ci-info: |   lo   | True |          127.0.0.1          |   255.0.0.0   |  host  |         .         |
[   11.992524] cloud-init[676]: ci-info: |   lo   | True |           ::1/128           |       .       |  host  |         .         |
[   11.994653] cloud-init[676]: ci-info: +--------+------+-----------------------------+---------------+--------+-------------------+
[   11.996948] cloud-init[676]: ci-info: ++++++++++++++++++++++++++++Route IPv4 info+++++++++++++++++++++++++++++
[   11.999309] cloud-init[676]: ci-info: +-------+-------------+----------+-----------------+-----------+-------+
[   12.000931] cloud-init[676]: ci-info: | Route | Destination | Gateway  |     Genmask     | Interface | Flags |
[   12.002960] cloud-init[676]: ci-info: +-------+-------------+----------+-----------------+-----------+-------+
[   12.004528] cloud-init[676]: ci-info: |   0   |   0.0.0.0   | 10.0.2.2 |     0.0.0.0     |   enp0s3  |   UG  |
[   12.006038] cloud-init[676]: ci-info: |   1   |   10.0.2.0  | 0.0.0.0  |  255.255.255.0  |   enp0s3  |   U   |
[   12.007493] cloud-init[676]: ci-info: |   2   |   10.0.2.2  | 0.0.0.0  | 255.255.255.255 |   enp0s3  |   UH  |
[   12.020742] cloud-init[676]: ci-info: |   3   | 192.168.1.0 | 0.0.0.0  |  255.255.255.0  |   enp0s8  |   U   |
[   12.022325] cloud-init[676]: ci-info: +-------+-------------+----------+-----------------+-----------+-------+
[   12.023895] cloud-init[676]: ci-info: +++++++++++++++++++Route IPv6 info+++++++++++++++++++
[   12.025237] cloud-init[676]: ci-info: +-------+-------------+---------+-----------+-------+
[   12.026323] cloud-init[676]: ci-info: | Route | Destination | Gateway | Interface | Flags |
[   12.027628] cloud-init[676]: ci-info: +-------+-------------+---------+-----------+-------+
[   12.029092] cloud-init[676]: ci-info: |   1   |  fe80::/64  |    ::   |   enp0s8  |   U   |
[   12.030282] cloud-init[676]: ci-info: |   2   |  fe80::/64  |    ::   |   enp0s3  |   U   |
[   12.031514] cloud-init[676]: ci-info: |   4   |    local    |    ::   |   enp0s3  |   U   |
[   12.032986] cloud-init[676]: ci-info: |   5   |    local    |    ::   |   enp0s8  |   U   |
[   12.034502] cloud-init[676]: ci-info: |   6   |   ff00::/8  |    ::   |   enp0s8  |   U   |
[   12.035712] cloud-init[676]: ci-info: |   7   |   ff00::/8  |    ::   |   enp0s3  |   U   |
[   12.038323] cloud-init[676]: ci-info: +-------+-------------+---------+-----------+-------+
[[0;32m  OK  [0m] Started Initial cloud-init job (metadata service crawler).
[[0;32m  OK  [0m] Reached target Network is Online.
[[0;32m  OK  [0m] Reached target Remote File Systems (Pre).
[[0;32m  OK  [0m] Reached target Remote File Systems.
         Starting Availability of block devices...
[[0;32m  OK  [0m] Reached target Cloud-config availability.
[[0;32m  OK  [0m] Reached target System Initialization.
[[0;32m  OK  [0m] Listening on cloud-init hotplug hook socket.
         Starting Docker Socket for the API.
[[0;32m  OK  [0m] Listening on UUID daemon activation socket.
[[0;32m  OK  [0m] Listening on ACPID Listen Socket.
         Starting Socket activation for snappy daemon.
[[0;32m  OK  [0m] Listening on Open-iSCSI iscsid Socket.
[[0;32m  OK  [0m] Started Ubuntu Advantage Timer for running repeated jobs.
[[0;32m  OK  [0m] Started Daily apt download activities.
[[0;32m  OK  [0m] Started Daily Cleanup of Temporary Directories.
         Starting LXD - unix socket.
[[0;32m  OK  [0m] Started Message of the Day.
[[0;32m  OK  [0m] Listening on D-Bus System Message Bus Socket.
[[0;32m  OK  [0m] Started Daily apt upgrade and clean activities.
[[0;32m  OK  [0m] Started Discard unused blocks once a week.
[[0;32m  OK  [0m] Reached target Timers.
[[0;32m  OK  [0m] Started ACPI Events Check.
[[0;32m  OK  [0m] Reached target Paths.
[[0;32m  OK  [0m] Started Availability of block devices.
[[0;32m  OK  [0m] Listening on Docker Socket for the API.
[[0;32m  OK  [0m] Listening on Socket activation for snappy daemon.
[[0;32m  OK  [0m] Listening on LXD - unix socket.
[[0;32m  OK  [0m] Reached target Sockets.
[[0;32m  OK  [0m] Reached target Basic System.
         Starting LSB: Record successful boot for GRUB...
[[0;32m  OK  [0m] Started Deferred execution scheduler.
         Starting LXD - container startup/shutdown...
         Starting LSB: automatic crash report generation...
         Starting Permit User Sessions...
[[0;32m  OK  [0m] Started Regular background program processing daemon.
         Starting Virtualbox guest utils...
         Starting OpenBSD Secure Shell server...
[[0;32m  OK  [0m] Started irqbalance daemon.
         Starting Snap Daemon...
         Starting Message of the Day...
[[0;32m  OK  [0m] Started FUSE filesystem for LXC.
         Starting Ubuntu FAN network setup...
         Starting System Logging Service...
[[0;32m  OK  [0m] Started D-Bus System Message Bus.
         Starting Dispatcher daemon for systemd-networkd...
         Starting Accounts Service...
         Starting Login Service...
         Starting containerd container runtime...
[[0;32m  OK  [0m] Started System Logging Service.
[[0;32m  OK  [0m] Started LXD - container startup/shutdown.
[[0;32m  OK  [0m] Started Permit User Sessions.
         Starting Hold until boot process finishes up...
         Starting Terminate Plymouth Boot Screen...
[[0;32m  OK  [0m] Started Hold until boot process finishes up.
         Starting Set console scheme...
[[0;32m  OK  [0m] Started Serial Getty on ttyS0.
[[0;32m  OK  [0m] Started OpenBSD Secure Shell server.
[[0;32m  OK  [0m] Started Terminate Plymouth Boot Screen.
[[0;32m  OK  [0m] Started Login Service.
[[0;32m  OK  [0m] Started Unattended Upgrades Shutdown.
[[0;32m  OK  [0m] Started Set console scheme.
[[0;32m  OK  [0m] Created slice system-getty.slice.
[[0;32m  OK  [0m] Started Getty on tty1.
[[0;32m  OK  [0m] Reached target Login Prompts.
         Starting Authorization Manager...
[[0;32m  OK  [0m] Started LSB: automatic crash report generation.
[[0;32m  OK  [0m] Started Authorization Manager.
[[0;32m  OK  [0m] Started Accounts Service.
[[0;32m  OK  [0m] Started LSB: Record successful boot for GRUB.
[[0;32m  OK  [0m] Started Virtualbox guest utils.
[[0;32m  OK  [0m] Started Ubuntu FAN network setup.
[[0;32m  OK  [0m] Started Snap Daemon.
         Starting Wait until snapd is fully seeded...
         Starting Time & Date Service...
[[0;32m  OK  [0m] Started Time & Date Service.
[[0;32m  OK  [0m] Started Dispatcher daemon for systemd-networkd.
[[0;32m  OK  [0m] Started Wait until snapd is fully seeded.
         Starting Apply the settings specified in cloud-config...
[[0;32m  OK  [0m] Started containerd container runtime.
         Starting Docker Application Container Engine...
[[0;32m  OK  [0m] Created slice User Slice of vagrant.
         Starting User Manager for UID 1000...
[[0;32m  OK  [0m] Started Session 1 of user vagrant.
[[0;32m  OK  [0m] Started User Manager for UID 1000.
[   15.207459] cloud-init[1309]: Cloud-init v. 22.2-0ubuntu1~18.04.3 running 'modules:config' at Wed, 06 Jul 2022 12:40:31 +0000. Up 14.85 seconds.
[[0;32m  OK  [0m] Started Apply the settings specified in cloud-config.
[[0;32m  OK  [0m] Started Message of the Day.
[[0;32m  OK  [0m] Started Docker Application Container Engine.
[[0;32m  OK  [0m] Reached target Multi-User System.
         Starting Execute cloud user/final scripts...
[[0;32m  OK  [0m] Reached target Graphical Interface.
         Starting Update UTMP about System Runlevel Changes...
[[0;32m  OK  [0m] Started Update UTMP about System Runlevel Changes.
[   17.810520] cloud-init[1802]: Cloud-init v. 22.2-0ubuntu1~18.04.3 running 'modules:final' at Wed, 06 Jul 2022 12:40:34 +0000. Up 17.70 seconds.
[   17.825079] cloud-init[1802]: Cloud-init v. 22.2-0ubuntu1~18.04.3 finished at Wed, 06 Jul 2022 12:40:34 +0000. Datasource DataSourceNoCloud [seed=/dev/sdb][dsmode=net].  Up 17.80 seconds

Ubuntu 18.04.6 LTS ubuntu-bionic ttyS0

ubuntu-bionic login: 